invariant.ts:42 Download the Apollo DevTools for a better development experience: https://chrome.google.com/webstore/detail/apollo-client-developer-t/jdkknkkbebbapilgoeccciglkfbmbnfm
SelectSpaces.tsx:19 {spaces: Array(1000)}
SelectSpaces.tsx:30 (1000) [{…}, {…}, {…}, {…}, {…}, {…}, {…}, {…}, {…}, {…}, {…}, {…}, {…}, {…}, {…}, {…}, {…}, {…}, {…}, {…}, {…}, {…}, {…}, {…}, {…}, {…}, {…}, {…}, {…}, {…}, {…}, {…}, {…}, {…}, {…}, {…}, {…}, {…}, {…}, {…}, {…}, {…}, {…}, {…}, {…}, {…}, {…}, {…}, {…}, {…}, {…}, {…}, {…}, {…}, {…}, {…}, {…}, {…}, {…}, {…}, {…}, {…}, {…}, {…}, {…}, {…}, {…}, {…}, {…}, {…}, {…}, {…}, {…}, {…}, {…}, {…}, {…}, {…}, {…}, {…}, {…}, {…}, {…}, {…}, {…}, {…}, {…}, {…}, {…}, {…}, {…}, {…}, {…}, {…}, {…}, {…}, {…}, {…}, {…}, {…}, …]
SelectSpaces.tsx:36 parsedData, : (1000) [{…}, {…}, {…}, {…}, {…}, {…}, {…}, {…}, {…}, {…}, {…}, {…}, {…}, {…}, {…}, {…}, {…}, {…}, {…}, {…}, {…}, {…}, {…}, {…}, {…}, {…}, {…}, {…}, {…}, {…}, {…}, {…}, {…}, {…}, {…}, {…}, {…}, {…}, {…}, {…}, {…}, {…}, {…}, {…}, {…}, {…}, {…}, {…}, {…}, {…}, {…}, {…}, {…}, {…}, {…}, {…}, {…}, {…}, {…}, {…}, {…}, {…}, {…}, {…}, {…}, {…}, {…}, {…}, {…}, {…}, {…}, {…}, {…}, {…}, {…}, {…}, {…}, {…}, {…}, {…}, {…}, {…}, {…}, {…}, {…}, {…}, {…}, {…}, {…}, {…}, {…}, {…}, {…}, {…}, {…}, {…}, {…}, {…}, {…}, {…}, …]
SelectSpaces.tsx:40 spacesList, : undefined
react-dom.development.js:86 Warning: Received NaN for the `value` attribute. If this is expected, cast the value to a string.
    at input
    at div
    at form
    at SelectSpaces (http://localhost:3000/static/js/bundle.js:103:76)
    at div
    at App
    at ApolloProvider (http://localhost:3000/static/js/bundle.js:47657:19)
overrideMethod @ console.js:213
printWarning @ react-dom.development.js:86
error @ react-dom.development.js:60
validateProperty$1 @ react-dom.development.js:3736
warnUnknownProperties @ react-dom.development.js:3803
validateProperties$2 @ react-dom.development.js:3827
validatePropertiesInDevelopment @ react-dom.development.js:9541
diffProperties @ react-dom.development.js:9958
prepareUpdate @ react-dom.development.js:10977
updateHostComponent$1 @ react-dom.development.js:21786
completeWork @ react-dom.development.js:22155
completeUnitOfWork @ react-dom.development.js:26596
performUnitOfWork @ react-dom.development.js:26568
workLoopSync @ react-dom.development.js:26466
renderRootSync @ react-dom.development.js:26434
performSyncWorkOnRoot @ react-dom.development.js:26085
flushSyncCallbacks @ react-dom.development.js:12042
flushSync @ react-dom.development.js:26201
finishEventHandler @ react-dom.development.js:3976
batchedUpdates @ react-dom.development.js:3994
dispatchEventForPluginEventSystem @ react-dom.development.js:9287
dispatchEventWithEnableCapturePhaseSelectiveHydrationWithoutDiscreteEventReplay @ react-dom.development.js:6465
dispatchEvent @ react-dom.development.js:6457
dispatchDiscreteEvent @ react-dom.development.js:6430
Show 1 more frame
Show less
react-dom.development.js:1661 The specified value "NaN" cannot be parsed, or is out of range.
set @ react-dom.development.js:1661
updateWrapper @ react-dom.development.js:1834
updateProperties @ react-dom.development.js:10151
commitUpdate @ react-dom.development.js:11047
commitMutationEffectsOnFiber @ react-dom.development.js:24389
recursivelyTraverseMutationEffects @ react-dom.development.js:24273
commitMutationEffectsOnFiber @ react-dom.development.js:24346
recursivelyTraverseMutationEffects @ react-dom.development.js:24273
commitMutationEffectsOnFiber @ react-dom.development.js:24346
recursivelyTraverseMutationEffects @ react-dom.development.js:24273
commitMutationEffectsOnFiber @ react-dom.development.js:24293
recursivelyTraverseMutationEffects @ react-dom.development.js:24273
commitMutationEffectsOnFiber @ react-dom.development.js:24346
recursivelyTraverseMutationEffects @ react-dom.development.js:24273
commitMutationEffectsOnFiber @ react-dom.development.js:24293
recursivelyTraverseMutationEffects @ react-dom.development.js:24273
commitMutationEffectsOnFiber @ react-dom.development.js:24576
recursivelyTraverseMutationEffects @ react-dom.development.js:24273
commitMutationEffectsOnFiber @ react-dom.development.js:24293
recursivelyTraverseMutationEffects @ react-dom.development.js:24273
commitMutationEffectsOnFiber @ react-dom.development.js:24432
commitMutationEffects @ react-dom.development.js:24243
commitRootImpl @ react-dom.development.js:26810
commitRoot @ react-dom.development.js:26682
performSyncWorkOnRoot @ react-dom.development.js:26117
flushSyncCallbacks @ react-dom.development.js:12042
flushSync @ react-dom.development.js:26201
finishEventHandler @ react-dom.development.js:3976
batchedUpdates @ react-dom.development.js:3994
dispatchEventForPluginEventSystem @ react-dom.development.js:9287
dispatchEventWithEnableCapturePhaseSelectiveHydrationWithoutDiscreteEventReplay @ react-dom.development.js:6465
dispatchEvent @ react-dom.development.js:6457
dispatchDiscreteEvent @ react-dom.development.js:6430
react-dom.development.js:1661 The specified value "NaN" cannot be parsed, or is out of range.
set @ react-dom.development.js:1661
updateWrapper @ react-dom.development.js:1834
restoreControlledState @ react-dom.development.js:1933
restoreControlledState$3 @ react-dom.development.js:10524
restoreStateOfTarget @ react-dom.development.js:3910
restoreStateIfNeeded @ react-dom.development.js:3940
finishEventHandler @ react-dom.development.js:3977
batchedUpdates @ react-dom.development.js:3994
dispatchEventForPluginEventSystem @ react-dom.development.js:9287
dispatchEventWithEnableCapturePhaseSelectiveHydrationWithoutDiscreteEventReplay @ react-dom.development.js:6465
dispatchEvent @ react-dom.development.js:6457
dispatchDiscreteEvent @ react-dom.development.js:6430
react-dom.development.js:1661 The specified value "NaN" cannot be parsed, or is out of range.
set @ react-dom.development.js:1661
updateWrapper @ react-dom.development.js:1834
updateProperties @ react-dom.development.js:10151
commitUpdate @ react-dom.development.js:11047
commitMutationEffectsOnFiber @ react-dom.development.js:24389
recursivelyTraverseMutationEffects @ react-dom.development.js:24273
commitMutationEffectsOnFiber @ react-dom.development.js:24346
recursivelyTraverseMutationEffects @ react-dom.development.js:24273
commitMutationEffectsOnFiber @ react-dom.development.js:24346
recursivelyTraverseMutationEffects @ react-dom.development.js:24273
commitMutationEffectsOnFiber @ react-dom.development.js:24293
recursivelyTraverseMutationEffects @ react-dom.development.js:24273
commitMutationEffectsOnFiber @ react-dom.development.js:24346
recursivelyTraverseMutationEffects @ react-dom.development.js:24273
commitMutationEffectsOnFiber @ react-dom.development.js:24293
recursivelyTraverseMutationEffects @ react-dom.development.js:24273
commitMutationEffectsOnFiber @ react-dom.development.js:24576
recursivelyTraverseMutationEffects @ react-dom.development.js:24273
commitMutationEffectsOnFiber @ react-dom.development.js:24293
recursivelyTraverseMutationEffects @ react-dom.development.js:24273
commitMutationEffectsOnFiber @ react-dom.development.js:24432
commitMutationEffects @ react-dom.development.js:24243
commitRootImpl @ react-dom.development.js:26810
commitRoot @ react-dom.development.js:26682
performSyncWorkOnRoot @ react-dom.development.js:26117
flushSyncCallbacks @ react-dom.development.js:12042
flushSync @ react-dom.development.js:26201
finishEventHandler @ react-dom.development.js:3976
batchedUpdates @ react-dom.development.js:3994
dispatchEventForPluginEventSystem @ react-dom.development.js:9287
dispatchEventWithEnableCapturePhaseSelectiveHydrationWithoutDiscreteEventReplay @ react-dom.development.js:6465
dispatchEvent @ react-dom.development.js:6457
dispatchDiscreteEvent @ react-dom.development.js:6430
react-dom.development.js:1661 The specified value "NaN" cannot be parsed, or is out of range.
set @ react-dom.development.js:1661
updateWrapper @ react-dom.development.js:1834
restoreControlledState @ react-dom.development.js:1933
restoreControlledState$3 @ react-dom.development.js:10524
restoreStateOfTarget @ react-dom.development.js:3910
restoreStateIfNeeded @ react-dom.development.js:3940
finishEventHandler @ react-dom.development.js:3977
batchedUpdates @ react-dom.development.js:3994
dispatchEventForPluginEventSystem @ react-dom.development.js:9287
dispatchEventWithEnableCapturePhaseSelectiveHydrationWithoutDiscreteEventReplay @ react-dom.development.js:6465
dispatchEvent @ react-dom.development.js:6457
dispatchDiscreteEvent @ react-dom.development.js:6430
SelectSpaces.tsx:19 {spaces: Array(50)}
SelectSpaces.tsx:30 (50) [{…}, {…}, {…}, {…}, {…}, {…}, {…}, {…}, {…}, {…}, {…}, {…}, {…}, {…}, {…}, {…}, {…}, {…}, {…}, {…}, {…}, {…}, {…}, {…}, {…}, {…}, {…}, {…}, {…}, {…}, {…}, {…}, {…}, {…}, {…}, {…}, {…}, {…}, {…}, {…}, {…}, {…}, {…}, {…}, {…}, {…}, {…}, {…}, {…}, {…}]
SelectSpaces.tsx:36 parsedData, : (50) [{…}, {…}, {…}, {…}, {…}, {…}, {…}, {…}, {…}, {…}, {…}, {…}, {…}, {…}, {…}, {…}, {…}, {…}, {…}, {…}, {…}, {…}, {…}, {…}, {…}, {…}, {…}, {…}, {…}, {…}, {…}, {…}, {…}, {…}, {…}, {…}, {…}, {…}, {…}, {…}, {…}, {…}, {…}, {…}, {…}, {…}, {…}, {…}, {…}, {…}]
SelectSpaces.tsx:40 spacesList, : (1000) [{…}, {…}, {…}, {…}, {…}, {…}, {…}, {…}, {…}, {…}, {…}, {…}, {…}, {…}, {…}, {…}, {…}, {…}, {…}, {…}, {…}, {…}, {…}, {…}, {…}, {…}, {…}, {…}, {…}, {…}, {…}, {…}, {…}, {…}, {…}, {…}, {…}, {…}, {…}, {…}, {…}, {…}, {…}, {…}, {…}, {…}, {…}, {…}, {…}, {…}, {…}, {…}, {…}, {…}, {…}, {…}, {…}, {…}, {…}, {…}, {…}, {…}, {…}, {…}, {…}, {…}, {…}, {…}, {…}, {…}, {…}, {…}, {…}, {…}, {…}, {…}, {…}, {…}, {…}, {…}, {…}, {…}, {…}, {…}, {…}, {…}, {…}, {…}, {…}, {…}, {…}, {…}, {…}, {…}, {…}, {…}, {…}, {…}, {…}, {…}, …]
